// Vitest Snapshot v1, https://vitest.dev/guide/snapshot.html

exports[`docs/resources/*.md content snapshots (D-27 drift gate) > eu-shipping.md content is locked 1`] = `"1383561543c3526e86a7f481d16bc5afda8f8d0ef8c8a5331caa07011cb75c99"`;

exports[`docs/resources/*.md content snapshots (D-27 drift gate) > rate-limits.md content is locked 1`] = `"748805c0336f48c0158b0c6e29631af449cce4ffd3753a210c5e4f345cee4c48"`;
